'Invoking: MicroBlaze Print Size'
mb-size CalcMicroBlaze.elf  |tee "CalcMicroBlaze.elf.size"
   text	   data	    bss	    dec	    hex	filename
  14112	   1132	   3164	  18408	   47e8	CalcMicroBlaze.elf
'Finished building: CalcMicroBlaze.elf.size'
' '
12:37:42 **** Incremental Build of configuration Debug for project CalcMicroBlaze ****
make all 
make: Nothing to be done for 'all'.
12:37:48 **** Incremental Build of configuration Debug for project CalcMicroBlaze ****
make all 
make: Nothing to be done for 'all'.
12:39:48 **** Auto Build of configuration Debug for project CalcMicroBlaze ****
make all 
'Building file: ../src/main.c'
'Invoking: MicroBlaze gcc compiler'
mb-gcc -Wall -O0 -g3 -c -fmessage-length=0 -MT"src/main.o" -I../../CalcMicroBlaze_bsp/microblaze_0/include -mlittle-endian -mcpu=v11.0 -mxl-soft-mul -Wl,--no-relax -ffunction-sections -fdata-sections -MMD -MP -MF"src/main.d" -MT"src/main.o" -o "src/main.o" "../src/main.c"
../src/main.c: In function 'sendString':
../src/main.c:81:16: warning: array subscript has type 'char' [-Wchar-subscripts]
   while(message[i]!='\0'){
                ^
../src/main.c:82:60: warning: array subscript has type 'char' [-Wchar-subscripts]
    XUartLite_SendByte(XPAR_AXI_UARTLITE_0_BASEADDR, message[i]);
                                                            ^
../src/main.c: In function 'inputThreeDigitNumberTX':
../src/main.c:105:13: warning: pointer targets in passing argument 1 of 'sendString' differ in signedness [-Wpointer-sign]
  sendString("Enter your number\n");
             ^~~~~~~~~~~~~~~~~~~~~
../src/main.c:79:6: note: expected 'unsigned char *' but argument is of type 'char *'
 void sendString(unsigned char message []){
      ^~~~~~~~~~
../src/main.c: In function 'outputThreeDigitNumberTX':
../src/main.c:119:13: warning: pointer targets in passing argument 1 of 'sendString' differ in signedness [-Wpointer-sign]
  sendString("\n\r");
             ^~~~~~
../src/main.c:79:6: note: expected 'unsigned char *' but argument is of type 'char *'
 void sendString(unsigned char message []){
      ^~~~~~~~~~
../src/main.c: At top level:
../src/main.c:123:1: warning: return type defaults to 'int' [-Wimplicit-int]
 initTimer(u16 DeviceId, u8 TmrCtrNumber){
 ^~~~~~~~~
../src/main.c:178:1: warning: return type defaults to 'int' [-Wimplicit-int]
 endTimer(u16 DeviceId, u8 TmrCtrNumber){
 ^~~~~~~~
../src/main.c: In function 'initTimer':
../src/main.c:176:1: warning: control reaches end of non-void function [-Wreturn-type]
 }
 ^
../src/main.c: In function 'endTimer':
../src/main.c:186:1: warning: control reaches end of non-void function [-Wreturn-type]
 }
 ^
'Finished building: ../src/main.c'
' '
'Building target: CalcMicroBlaze.elf'
'Invoking: MicroBlaze gcc linker'
mb-gcc -Wl,-T -Wl,../src/lscript.ld -L../../CalcMicroBlaze_bsp/microblaze_0/lib -mlittle-endian -mcpu=v11.0 -mxl-soft-mul -Wl,--no-relax -Wl,--gc-sections -o "CalcMicroBlaze.elf"  ./src/main.o   -Wl,--start-group,-lxil,-lgcc,-lc,--end-group
'Finished building target: CalcMicroBlaze.elf'
' '
'Invoking: MicroBlaze Print Size'
mb-size CalcMicroBlaze.elf  |tee "CalcMicroBlaze.elf.size"
   text	   data	    bss	    dec	    hex	filename
  14112	   1132	   3164	  18408	   47e8	CalcMicroBlaze.elf
'Finished building: CalcMicroBlaze.elf.size'
' '
12:40:02 **** Incremental Build of configuration Debug for project CalcMicroBlaze ****
make all 
make: Nothing to be done for 'all'.
12:40:07 **** Incremental Build of configuration Debug for project CalcMicroBlaze ****
make all 
make: Nothing to be done for 'all'.
12:40:39 **** Auto Build of configuration Debug for project CalcMicroBlaze ****
make all 
'Building file: ../src/main.c'
'Invoking: MicroBlaze gcc compiler'
mb-gcc -Wall -O0 -g3 -c -fmessage-length=0 -MT"src/main.o" -I../../CalcMicroBlaze_bsp/microblaze_0/include -mlittle-endian -mcpu=v11.0 -mxl-soft-mul -Wl,--no-relax -ffunction-sections -fdata-sections -MMD -MP -MF"src/main.d" -MT"src/main.o" -o "src/main.o" "../src/main.c"
../src/main.c: In function 'sendString':
../src/main.c:81:16: warning: array subscript has type 'char' [-Wchar-subscripts]
   while(message[i]!='\0'){
                ^
../src/main.c:82:60: warning: array subscript has type 'char' [-Wchar-subscripts]
    XUartLite_SendByte(XPAR_AXI_UARTLITE_0_BASEADDR, message[i]);
                                                            ^
../src/main.c: In function 'inputThreeDigitNumberTX':
../src/main.c:105:13: warning: pointer targets in passing argument 1 of 'sendString' differ in signedness [-Wpointer-sign]
  sendString("Enter your number\n");
             ^~~~~~~~~~~~~~~~~~~~~
../src/main.c:79:6: note: expected 'unsigned char *' but argument is of type 'char *'
 void sendString(unsigned char message []){
      ^~~~~~~~~~
../src/main.c: In function 'outputThreeDigitNumberTX':
../src/main.c:119:13: warning: pointer targets in passing argument 1 of 'sendString' differ in signedness [-Wpointer-sign]
  sendString("\n\r");
             ^~~~~~
../src/main.c:79:6: note: expected 'unsigned char *' but argument is of type 'char *'
 void sendString(unsigned char message []){
      ^~~~~~~~~~
../src/main.c: At top level:
../src/main.c:123:1: warning: return type defaults to 'int' [-Wimplicit-int]
 initTimer(u16 DeviceId, u8 TmrCtrNumber){
 ^~~~~~~~~
../src/main.c:178:1: warning: return type defaults to 'int' [-Wimplicit-int]
 endTimer(u16 DeviceId, u8 TmrCtrNumber){
 ^~~~~~~~
../src/main.c: In function 'initTimer':
../src/main.c:176:1: warning: control reaches end of non-void function [-Wreturn-type]
 }
 ^
../src/main.c: In function 'endTimer':
../src/main.c:186:1: warning: control reaches end of non-void function [-Wreturn-type]
 }
 ^
'Finished building: ../src/main.c'
' '
'Building target: CalcMicroBlaze.elf'
'Invoking: MicroBlaze gcc linker'
mb-gcc -Wl,-T -Wl,../src/lscript.ld -L../../CalcMicroBlaze_bsp/microblaze_0/lib -mlittle-endian -mcpu=v11.0 -mxl-soft-mul -Wl,--no-relax -Wl,--gc-sections -o "CalcMicroBlaze.elf"  ./src/main.o   -Wl,--start-group,-lxil,-lgcc,-lc,--end-group
'Finished building target: CalcMicroBlaze.elf'
' '
'Invoking: MicroBlaze Print Size'
mb-size CalcMicroBlaze.elf  |tee "CalcMicroBlaze.elf.size"
   text	   data	    bss	    dec	    hex	filename
  14112	   1132	   3164	  18408	   47e8	CalcMicroBlaze.elf
'Finished building: CalcMicroBlaze.elf.size'
' '
12:40:43 **** Incremental Build of configuration Debug for project CalcMicroBlaze ****
make all 
make: Nothing to be done for 'all'.
12:40:58 **** Incremental Build of configuration Debug for project CalcMicroBlaze ****
make all 
make: Nothing to be done for 'all'.
12:43:16 **** Auto Build of configuration Debug for project CalcMicroBlaze ****
make all 
'Building file: ../src/main.c'
'Invoking: MicroBlaze gcc compiler'
mb-gcc -Wall -O0 -g3 -c -fmessage-length=0 -MT"src/main.o" -I../../CalcMicroBlaze_bsp/microblaze_0/include -mlittle-endian -mcpu=v11.0 -mxl-soft-mul -Wl,--no-relax -ffunction-sections -fdata-sections -MMD -MP -MF"src/main.d" -MT"src/main.o" -o "src/main.o" "../src/main.c"
../src/main.c: In function 'sendString':
../src/main.c:82:16: warning: array subscript has type 'char' [-Wchar-subscripts]
   while(message[i]!='\0'){
                ^
../src/main.c:83:60: warning: array subscript has type 'char' [-Wchar-subscripts]
    XUartLite_SendByte(XPAR_AXI_UARTLITE_0_BASEADDR, message[i]);
                                                            ^
../src/main.c: In function 'inputThreeDigitNumberTX':
../src/main.c:106:13: warning: pointer targets in passing argument 1 of 'sendString' differ in signedness [-Wpointer-sign]
  sendString("Enter your number\n");
             ^~~~~~~~~~~~~~~~~~~~~
../src/main.c:80:6: note: expected 'unsigned char *' but argument is of type 'char *'
 void sendString(unsigned char message []){
      ^~~~~~~~~~
../src/main.c: In function 'outputThreeDigitNumberTX':
../src/main.c:120:13: warning: pointer targets in passing argument 1 of 'sendString' differ in signedness [-Wpointer-sign]
  sendString("\n\r");
             ^~~~~~
../src/main.c:80:6: note: expected 'unsigned char *' but argument is of type 'char *'
 void sendString(unsigned char message []){
      ^~~~~~~~~~
../src/main.c: At top level:
../src/main.c:124:1: warning: return type defaults to 'int' [-Wimplicit-int]
 initTimer(u16 DeviceId, u8 TmrCtrNumber){
 ^~~~~~~~~
../src/main.c:179:1: warning: return type defaults to 'int' [-Wimplicit-int]
 endTimer(u16 DeviceId, u8 TmrCtrNumber){
 ^~~~~~~~
../src/main.c: In function 'initTimer':
../src/main.c:177:1: warning: control reaches end of non-void function [-Wreturn-type]
 }
 ^
../src/main.c: In function 'endTimer':
../src/main.c:187:1: warning: control reaches end of non-void function [-Wreturn-type]
 }
 ^
'Finished building: ../src/main.c'
' '
'Building target: CalcMicroBlaze.elf'
'Invoking: MicroBlaze gcc linker'
mb-gcc -Wl,-T -Wl,../src/lscript.ld -L../../CalcMicroBlaze_bsp/microblaze_0/lib -mlittle-endian -mcpu=v11.0 -mxl-soft-mul -Wl,--no-relax -Wl,--gc-sections -o "CalcMicroBlaze.elf"  ./src/main.o   -Wl,--start-group,-lxil,-lgcc,-lc,--end-group
'Finished building target: CalcMicroBlaze.elf'
' '
'Invoking: MicroBlaze Print Size'
mb-size CalcMicroBlaze.elf  |tee "CalcMicroBlaze.elf.size"
   text	   data	    bss	    dec	    hex	filename
  14112	   1132	   3164	  18408	   47e8	CalcMicroBlaze.elf
'Finished building: CalcMicroBlaze.elf.size'
' '
12:43:44 **** Incremental Build of configuration Debug for project CalcMicroBlaze ****
make all 
make: Nothing to be done for 'all'.
12:46:31 **** Auto Build of configuration Debug for project CalcMicroBlaze ****
make all 
'Building file: ../src/main.c'
'Invoking: MicroBlaze gcc compiler'
mb-gcc -Wall -O0 -g3 -c -fmessage-length=0 -MT"src/main.o" -I../../CalcMicroBlaze_bsp/microblaze_0/include -mlittle-endian -mcpu=v11.0 -mxl-soft-mul -Wl,--no-relax -ffunction-sections -fdata-sections -MMD -MP -MF"src/main.d" -MT"src/main.o" -o "src/main.o" "../src/main.c"
../src/main.c: In function 'sendString':
../src/main.c:81:16: warning: array subscript has type 'char' [-Wchar-subscripts]
   while(message[i]!='\0'){
                ^
../src/main.c:82:60: warning: array subscript has type 'char' [-Wchar-subscripts]
    XUartLite_SendByte(XPAR_AXI_UARTLITE_0_BASEADDR, message[i]);
                                                            ^
../src/main.c: In function 'inputThreeDigitNumberTX':
../src/main.c:105:13: warning: pointer targets in passing argument 1 of 'sendString' differ in signedness [-Wpointer-sign]
  sendString("Enter your number\n");
             ^~~~~~~~~~~~~~~~~~~~~
../src/main.c:79:6: note: expected 'unsigned char *' but argument is of type 'char *'
 void sendString(unsigned char message []){
      ^~~~~~~~~~
../src/main.c: In function 'outputThreeDigitNumberTX':
../src/main.c:119:13: warning: pointer targets in passing argument 1 of 'sendString' differ in signedness [-Wpointer-sign]
  sendString("\n\r");
             ^~~~~~
../src/main.c:79:6: note: expected 'unsigned char *' but argument is of type 'char *'
 void sendString(unsigned char message []){
      ^~~~~~~~~~
../src/main.c: At top level:
../src/main.c:123:1: warning: return type defaults to 'int' [-Wimplicit-int]
 initTimer(u16 DeviceId, u8 TmrCtrNumber){
 ^~~~~~~~~
../src/main.c:178:1: warning: return type defaults to 'int' [-Wimplicit-int]
 endTimer(u16 DeviceId, u8 TmrCtrNumber){
 ^~~~~~~~
../src/main.c: In function 'main':
../src/main.c:209:77: warning: unused variable 'gpio29' [-Wunused-variable]
     gpio20, gpio21, gpio22, gpio23, gpio24, gpio25, gpio26, gpio27, gpio28, gpio29;
                                                                             ^~~~~~
../src/main.c:209:69: warning: unused variable 'gpio28' [-Wunused-variable]
     gpio20, gpio21, gpio22, gpio23, gpio24, gpio25, gpio26, gpio27, gpio28, gpio29;
                                                                     ^~~~~~
../src/main.c:209:61: warning: unused variable 'gpio27' [-Wunused-variable]
     gpio20, gpio21, gpio22, gpio23, gpio24, gpio25, gpio26, gpio27, gpio28, gpio29;
                                                             ^~~~~~
../src/main.c:209:53: warning: unused variable 'gpio26' [-Wunused-variable]
     gpio20, gpio21, gpio22, gpio23, gpio24, gpio25, gpio26, gpio27, gpio28, gpio29;
                                                     ^~~~~~
../src/main.c:209:45: warning: unused variable 'gpio25' [-Wunused-variable]
     gpio20, gpio21, gpio22, gpio23, gpio24, gpio25, gpio26, gpio27, gpio28, gpio29;
                                             ^~~~~~
../src/main.c:209:37: warning: unused variable 'gpio24' [-Wunused-variable]
     gpio20, gpio21, gpio22, gpio23, gpio24, gpio25, gpio26, gpio27, gpio28, gpio29;
                                     ^~~~~~
../src/main.c:209:29: warning: unused variable 'gpio23' [-Wunused-variable]
     gpio20, gpio21, gpio22, gpio23, gpio24, gpio25, gpio26, gpio27, gpio28, gpio29;
                             ^~~~~~
../src/main.c:209:21: warning: unused variable 'gpio22' [-Wunused-variable]
     gpio20, gpio21, gpio22, gpio23, gpio24, gpio25, gpio26, gpio27, gpio28, gpio29;
                     ^~~~~~
../src/main.c:209:13: warning: unused variable 'gpio21' [-Wunused-variable]
     gpio20, gpio21, gpio22, gpio23, gpio24, gpio25, gpio26, gpio27, gpio28, gpio29;
             ^~~~~~
../src/main.c:209:5: warning: unused variable 'gpio20' [-Wunused-variable]
     gpio20, gpio21, gpio22, gpio23, gpio24, gpio25, gpio26, gpio27, gpio28, gpio29;
     ^~~~~~
../src/main.c:208:78: warning: unused variable 'gpio19' [-Wunused-variable]
      gpio10, gpio11, gpio12, gpio13, gpio14, gpio15, gpio16, gpio17, gpio18, gpio19,
                                                                              ^~~~~~
../src/main.c:208:70: warning: unused variable 'gpio18' [-Wunused-variable]
      gpio10, gpio11, gpio12, gpio13, gpio14, gpio15, gpio16, gpio17, gpio18, gpio19,
                                                                      ^~~~~~
../src/main.c:208:62: warning: unused variable 'gpio17' [-Wunused-variable]
      gpio10, gpio11, gpio12, gpio13, gpio14, gpio15, gpio16, gpio17, gpio18, gpio19,
                                                              ^~~~~~
../src/main.c:208:54: warning: unused variable 'gpio16' [-Wunused-variable]
      gpio10, gpio11, gpio12, gpio13, gpio14, gpio15, gpio16, gpio17, gpio18, gpio19,
                                                      ^~~~~~
../src/main.c:208:46: warning: unused variable 'gpio15' [-Wunused-variable]
      gpio10, gpio11, gpio12, gpio13, gpio14, gpio15, gpio16, gpio17, gpio18, gpio19,
                                              ^~~~~~
../src/main.c:208:38: warning: unused variable 'gpio14' [-Wunused-variable]
      gpio10, gpio11, gpio12, gpio13, gpio14, gpio15, gpio16, gpio17, gpio18, gpio19,
                                      ^~~~~~
../src/main.c:208:30: warning: unused variable 'gpio13' [-Wunused-variable]
      gpio10, gpio11, gpio12, gpio13, gpio14, gpio15, gpio16, gpio17, gpio18, gpio19,
                              ^~~~~~
../src/main.c:208:22: warning: unused variable 'gpio12' [-Wunused-variable]
      gpio10, gpio11, gpio12, gpio13, gpio14, gpio15, gpio16, gpio17, gpio18, gpio19,
                      ^~~~~~
../src/main.c:208:14: warning: unused variable 'gpio11' [-Wunused-variable]
      gpio10, gpio11, gpio12, gpio13, gpio14, gpio15, gpio16, gpio17, gpio18, gpio19,
              ^~~~~~
../src/main.c: In function 'initTimer':
../src/main.c:176:1: warning: control reaches end of non-void function [-Wreturn-type]
 }
 ^
../src/main.c: In function 'endTimer':
../src/main.c:186:1: warning: control reaches end of non-void function [-Wreturn-type]
 }
 ^
'Finished building: ../src/main.c'
' '
'Building target: CalcMicroBlaze.elf'
'Invoking: MicroBlaze gcc linker'
mb-gcc -Wl,-T -Wl,../src/lscript.ld -L../../CalcMicroBlaze_bsp/microblaze_0/lib -mlittle-endian -mcpu=v11.0 -mxl-soft-mul -Wl,--no-relax -Wl,--gc-sections -o "CalcMicroBlaze.elf"  ./src/main.o   -Wl,--start-group,-lxil,-lgcc,-lc,--end-group
'Finished building target: CalcMicroBlaze.elf'
' '
'Invoking: MicroBlaze Print Size'
mb-size CalcMicroBlaze.elf  |tee "CalcMicroBlaze.elf.size"
   text	   data	    bss	    dec	    hex	filename
  13172	   1132	   3168	  17472	   4440	CalcMicroBlaze.elf
'Finished building: CalcMicroBlaze.elf.size'
' '
12:46:38 **** Incremental Build of configuration Debug for project CalcMicroBlaze ****
make all 
make: Nothing to be done for 'all'.
12:47:22 **** Auto Build of configuration Debug for project CalcMicroBlaze ****
make all 
'Building file: ../src/main.c'
'Invoking: MicroBlaze gcc compiler'
mb-gcc -Wall -O0 -g3 -c -fmessage-length=0 -MT"src/main.o" -I../../CalcMicroBlaze_bsp/microblaze_0/include -mlittle-endian -mcpu=v11.0 -mxl-soft-mul -Wl,--no-relax -ffunction-sections -fdata-sections -MMD -MP -MF"src/main.d" -MT"src/main.o" -o "src/main.o" "../src/main.c"
../src/main.c: In function 'sendString':
../src/main.c:81:16: warning: array subscript has type 'char' [-Wchar-subscripts]
   while(message[i]!='\0'){
                ^
../src/main.c:82:60: warning: array subscript has type 'char' [-Wchar-subscripts]
    XUartLite_SendByte(XPAR_AXI_UARTLITE_0_BASEADDR, message[i]);
                                                            ^
../src/main.c: In function 'inputThreeDigitNumberTX':
../src/main.c:105:13: warning: pointer targets in passing argument 1 of 'sendString' differ in signedness [-Wpointer-sign]
  sendString("Enter your number\n");
             ^~~~~~~~~~~~~~~~~~~~~
../src/main.c:79:6: note: expected 'unsigned char *' but argument is of type 'char *'
 void sendString(unsigned char message []){
      ^~~~~~~~~~
../src/main.c: In function 'outputThreeDigitNumberTX':
../src/main.c:119:13: warning: pointer targets in passing argument 1 of 'sendString' differ in signedness [-Wpointer-sign]
  sendString("\n\r");
             ^~~~~~
../src/main.c:79:6: note: expected 'unsigned char *' but argument is of type 'char *'
 void sendString(unsigned char message []){
      ^~~~~~~~~~
../src/main.c: At top level:
../src/main.c:123:1: warning: return type defaults to 'int' [-Wimplicit-int]
 initTimer(u16 DeviceId, u8 TmrCtrNumber){
 ^~~~~~~~~
../src/main.c:178:1: warning: return type defaults to 'int' [-Wimplicit-int]
 endTimer(u16 DeviceId, u8 TmrCtrNumber){
 ^~~~~~~~
../src/main.c: In function 'main':
../src/main.c:279:2: error: unknown type name 'dfsdf'
  dfsdf
  ^~~~~
../src/main.c:280:13: error: expected declaration specifiers or '...' before string constant
  xil_printf("PL: Det(A) = %d\n",XGpio_DiscreteRead(&gpio1,1) );
             ^~~~~~~~~~~~~~~~~~~
../src/main.c:280:33: error: expected declaration specifiers or '...' before 'XGpio_DiscreteRead'
  xil_printf("PL: Det(A) = %d\n",XGpio_DiscreteRead(&gpio1,1) );
                                 ^~~~~~~~~~~~~~~~~~
../src/main.c:209:77: warning: unused variable 'gpio29' [-Wunused-variable]
     gpio20, gpio21, gpio22, gpio23, gpio24, gpio25, gpio26, gpio27, gpio28, gpio29;
                                                                             ^~~~~~
../src/main.c:209:69: warning: unused variable 'gpio28' [-Wunused-variable]
     gpio20, gpio21, gpio22, gpio23, gpio24, gpio25, gpio26, gpio27, gpio28, gpio29;
                                                                     ^~~~~~
../src/main.c:209:61: warning: unused variable 'gpio27' [-Wunused-variable]
     gpio20, gpio21, gpio22, gpio23, gpio24, gpio25, gpio26, gpio27, gpio28, gpio29;
                                                             ^~~~~~
../src/main.c:209:53: warning: unused variable 'gpio26' [-Wunused-variable]
     gpio20, gpio21, gpio22, gpio23, gpio24, gpio25, gpio26, gpio27, gpio28, gpio29;
                                                     ^~~~~~
../src/main.c:209:45: warning: unused variable 'gpio25' [-Wunused-variable]
     gpio20, gpio21, gpio22, gpio23, gpio24, gpio25, gpio26, gpio27, gpio28, gpio29;
                                             ^~~~~~
../src/main.c:209:37: warning: unused variable 'gpio24' [-Wunused-variable]
     gpio20, gpio21, gpio22, gpio23, gpio24, gpio25, gpio26, gpio27, gpio28, gpio29;
                                     ^~~~~~
../src/main.c:209:29: warning: unused variable 'gpio23' [-Wunused-variable]
     gpio20, gpio21, gpio22, gpio23, gpio24, gpio25, gpio26, gpio27, gpio28, gpio29;
                             ^~~~~~
../src/main.c:209:21: warning: unused variable 'gpio22' [-Wunused-variable]
     gpio20, gpio21, gpio22, gpio23, gpio24, gpio25, gpio26, gpio27, gpio28, gpio29;
                     ^~~~~~
../src/main.c:209:13: warning: unused variable 'gpio21' [-Wunused-variable]
     gpio20, gpio21, gpio22, gpio23, gpio24, gpio25, gpio26, gpio27, gpio28, gpio29;
             ^~~~~~
../src/main.c:209:5: warning: unused variable 'gpio20' [-Wunused-variable]
     gpio20, gpio21, gpio22, gpio23, gpio24, gpio25, gpio26, gpio27, gpio28, gpio29;
     ^~~~~~
../src/main.c:208:78: warning: unused variable 'gpio19' [-Wunused-variable]
      gpio10, gpio11, gpio12, gpio13, gpio14, gpio15, gpio16, gpio17, gpio18, gpio19,
                                                                              ^~~~~~
../src/main.c:208:70: warning: unused variable 'gpio18' [-Wunused-variable]
      gpio10, gpio11, gpio12, gpio13, gpio14, gpio15, gpio16, gpio17, gpio18, gpio19,
                                                                      ^~~~~~
../src/main.c:208:62: warning: unused variable 'gpio17' [-Wunused-variable]
      gpio10, gpio11, gpio12, gpio13, gpio14, gpio15, gpio16, gpio17, gpio18, gpio19,
                                                              ^~~~~~
../src/main.c:208:54: warning: unused variable 'gpio16' [-Wunused-variable]
      gpio10, gpio11, gpio12, gpio13, gpio14, gpio15, gpio16, gpio17, gpio18, gpio19,
                                                      ^~~~~~
../src/main.c:208:46: warning: unused variable 'gpio15' [-Wunused-variable]
      gpio10, gpio11, gpio12, gpio13, gpio14, gpio15, gpio16, gpio17, gpio18, gpio19,
                                              ^~~~~~
../src/main.c:208:38: warning: unused variable 'gpio14' [-Wunused-variable]
      gpio10, gpio11, gpio12, gpio13, gpio14, gpio15, gpio16, gpio17, gpio18, gpio19,
                                      ^~~~~~
../src/main.c:208:30: warning: unused variable 'gpio13' [-Wunused-variable]
      gpio10, gpio11, gpio12, gpio13, gpio14, gpio15, gpio16, gpio17, gpio18, gpio19,
                              ^~~~~~
../src/main.c:208:22: warning: unused variable 'gpio12' [-Wunused-variable]
      gpio10, gpio11, gpio12, gpio13, gpio14, gpio15, gpio16, gpio17, gpio18, gpio19,
                      ^~~~~~
../src/main.c:208:14: warning: unused variable 'gpio11' [-Wunused-variable]
      gpio10, gpio11, gpio12, gpio13, gpio14, gpio15, gpio16, gpio17, gpio18, gpio19,
              ^~~~~~
../src/main.c: In function 'initTimer':
../src/main.c:176:1: warning: control reaches end of non-void function [-Wreturn-type]
 }
 ^
../src/main.c: In function 'endTimer':
../src/main.c:186:1: warning: control reaches end of non-void function [-Wreturn-type]
 }
 ^
make: *** [src/subdir.mk:23: src/main.o] Error 1
12:47:25 **** Incremental Build of configuration Debug for project CalcMicroBlaze ****
make all 
'Building file: ../src/main.c'
'Invoking: MicroBlaze gcc compiler'
mb-gcc -Wall -O0 -g3 -c -fmessage-length=0 -MT"src/main.o" -I../../CalcMicroBlaze_bsp/microblaze_0/include -mlittle-endian -mcpu=v11.0 -mxl-soft-mul -Wl,--no-relax -ffunction-sections -fdata-sections -MMD -MP -MF"src/main.d" -MT"src/main.o" -o "src/main.o" "../src/main.c"
../src/main.c: In function 'sendString':
../src/main.c:81:16: warning: array subscript has type 'char' [-Wchar-subscripts]
   while(message[i]!='\0'){
                ^
../src/main.c:82:60: warning: array subscript has type 'char' [-Wchar-subscripts]
    XUartLite_SendByte(XPAR_AXI_UARTLITE_0_BASEADDR, message[i]);
                                                            ^
../src/main.c: In function 'inputThreeDigitNumberTX':
../src/main.c:105:13: warning: pointer targets in passing argument 1 of 'sendString' differ in signedness [-Wpointer-sign]
  sendString("Enter your number\n");
             ^~~~~~~~~~~~~~~~~~~~~
../src/main.c:79:6: note: expected 'unsigned char *' but argument is of type 'char *'
 void sendString(unsigned char message []){
      ^~~~~~~~~~
../src/main.c: In function 'outputThreeDigitNumberTX':
../src/main.c:119:13: warning: pointer targets in passing argument 1 of 'sendString' differ in signedness [-Wpointer-sign]
  sendString("\n\r");
             ^~~~~~
../src/main.c:79:6: note: expected 'unsigned char *' but argument is of type 'char *'
 void sendString(unsigned char message []){
      ^~~~~~~~~~
../src/main.c: At top level:
../src/main.c:123:1: warning: return type defaults to 'int' [-Wimplicit-int]
 initTimer(u16 DeviceId, u8 TmrCtrNumber){
 ^~~~~~~~~
../src/main.c:178:1: warning: return type defaults to 'int' [-Wimplicit-int]
 endTimer(u16 DeviceId, u8 TmrCtrNumber){
 ^~~~~~~~
../src/main.c: In function 'main':
../src/main.c:279:2: error: unknown type name 'dfsdf'
  dfsdf
  ^~~~~
../src/main.c:280:13: error: expected declaration specifiers or '...' before string constant
  xil_printf("PL: Det(A) = %d\n",XGpio_DiscreteRead(&gpio1,1) );
             ^~~~~~~~~~~~~~~~~~~
../src/main.c:280:33: error: expected declaration specifiers or '...' before 'XGpio_DiscreteRead'
  xil_printf("PL: Det(A) = %d\n",XGpio_DiscreteRead(&gpio1,1) );
                                 ^~~~~~~~~~~~~~~~~~
../src/main.c:209:77: warning: unused variable 'gpio29' [-Wunused-variable]
     gpio20, gpio21, gpio22, gpio23, gpio24, gpio25, gpio26, gpio27, gpio28, gpio29;
                                                                             ^~~~~~
../src/main.c:209:69: warning: unused variable 'gpio28' [-Wunused-variable]
     gpio20, gpio21, gpio22, gpio23, gpio24, gpio25, gpio26, gpio27, gpio28, gpio29;
                                                                     ^~~~~~
../src/main.c:209:61: warning: unused variable 'gpio27' [-Wunused-variable]
     gpio20, gpio21, gpio22, gpio23, gpio24, gpio25, gpio26, gpio27, gpio28, gpio29;
                                                             ^~~~~~
../src/main.c:209:53: warning: unused variable 'gpio26' [-Wunused-variable]
     gpio20, gpio21, gpio22, gpio23, gpio24, gpio25, gpio26, gpio27, gpio28, gpio29;
                                                     ^~~~~~
../src/main.c:209:45: warning: unused variable 'gpio25' [-Wunused-variable]
     gpio20, gpio21, gpio22, gpio23, gpio24, gpio25, gpio26, gpio27, gpio28, gpio29;
                                             ^~~~~~
../src/main.c:209:37: warning: unused variable 'gpio24' [-Wunused-variable]
     gpio20, gpio21, gpio22, gpio23, gpio24, gpio25, gpio26, gpio27, gpio28, gpio29;
                                     ^~~~~~
../src/main.c:209:29: warning: unused variable 'gpio23' [-Wunused-variable]
     gpio20, gpio21, gpio22, gpio23, gpio24, gpio25, gpio26, gpio27, gpio28, gpio29;
                             ^~~~~~
../src/main.c:209:21: warning: unused variable 'gpio22' [-Wunused-variable]
     gpio20, gpio21, gpio22, gpio23, gpio24, gpio25, gpio26, gpio27, gpio28, gpio29;
                     ^~~~~~
../src/main.c:209:13: warning: unused variable 'gpio21' [-Wunused-variable]
     gpio20, gpio21, gpio22, gpio23, gpio24, gpio25, gpio26, gpio27, gpio28, gpio29;
             ^~~~~~
../src/main.c:209:5: warning: unused variable 'gpio20' [-Wunused-variable]
     gpio20, gpio21, gpio22, gpio23, gpio24, gpio25, gpio26, gpio27, gpio28, gpio29;
     ^~~~~~
../src/main.c:208:78: warning: unused variable 'gpio19' [-Wunused-variable]
      gpio10, gpio11, gpio12, gpio13, gpio14, gpio15, gpio16, gpio17, gpio18, gpio19,
                                                                              ^~~~~~
../src/main.c:208:70: warning: unused variable 'gpio18' [-Wunused-variable]
      gpio10, gpio11, gpio12, gpio13, gpio14, gpio15, gpio16, gpio17, gpio18, gpio19,
                                                                      ^~~~~~
../src/main.c:208:62: warning: unused variable 'gpio17' [-Wunused-variable]
      gpio10, gpio11, gpio12, gpio13, gpio14, gpio15, gpio16, gpio17, gpio18, gpio19,
                                                              ^~~~~~
../src/main.c:208:54: warning: unused variable 'gpio16' [-Wunused-variable]
      gpio10, gpio11, gpio12, gpio13, gpio14, gpio15, gpio16, gpio17, gpio18, gpio19,
                                                      ^~~~~~
../src/main.c:208:46: warning: unused variable 'gpio15' [-Wunused-variable]
      gpio10, gpio11, gpio12, gpio13, gpio14, gpio15, gpio16, gpio17, gpio18, gpio19,
                                              ^~~~~~
../src/main.c:208:38: warning: unused variable 'gpio14' [-Wunused-variable]
      gpio10, gpio11, gpio12, gpio13, gpio14, gpio15, gpio16, gpio17, gpio18, gpio19,
                                      ^~~~~~
../src/main.c:208:30: warning: unused variable 'gpio13' [-Wunused-variable]
      gpio10, gpio11, gpio12, gpio13, gpio14, gpio15, gpio16, gpio17, gpio18, gpio19,
                              ^~~~~~
../src/main.c:208:22: warning: unused variable 'gpio12' [-Wunused-variable]
      gpio10, gpio11, gpio12, gpio13, gpio14, gpio15, gpio16, gpio17, gpio18, gpio19,
                      ^~~~~~
../src/main.c:208:14: warning: unused variable 'gpio11' [-Wunused-variable]
      gpio10, gpio11, gpio12, gpio13, gpio14, gpio15, gpio16, gpio17, gpio18, gpio19,
              ^~~~~~
../src/main.c: In function 'initTimer':
../src/main.c:176:1: warning: control reaches end of non-void function [-Wreturn-type]
 }
 ^
../src/main.c: In function 'endTimer':
../src/main.c:186:1: warning: control reaches end of non-void function [-Wreturn-type]
 }
 ^
make: *** [src/subdir.mk:23: src/main.o] Error 1
12:47:51 **** Auto Build of configuration Debug for project CalcMicroBlaze ****
make all 
'Building file: ../src/main.c'
'Invoking: MicroBlaze gcc compiler'
mb-gcc -Wall -O0 -g3 -c -fmessage-length=0 -MT"src/main.o" -I../../CalcMicroBlaze_bsp/microblaze_0/include -mlittle-endian -mcpu=v11.0 -mxl-soft-mul -Wl,--no-relax -ffunction-sections -fdata-sections -MMD -MP -MF"src/main.d" -MT"src/main.o" -o "src/main.o" "../src/main.c"
../src/main.c: In function 'sendString':
../src/main.c:81:16: warning: array subscript has type 'char' [-Wchar-subscripts]
   while(message[i]!='\0'){
                ^
../src/main.c:82:60: warning: array subscript has type 'char' [-Wchar-subscripts]
    XUartLite_SendByte(XPAR_AXI_UARTLITE_0_BASEADDR, message[i]);
                                                            ^
../src/main.c: In function 'inputThreeDigitNumberTX':
../src/main.c:105:13: warning: pointer targets in passing argument 1 of 'sendString' differ in signedness [-Wpointer-sign]
  sendString("Enter your number\n");
             ^~~~~~~~~~~~~~~~~~~~~
../src/main.c:79:6: note: expected 'unsigned char *' but argument is of type 'char *'
 void sendString(unsigned char message []){
      ^~~~~~~~~~
../src/main.c: In function 'outputThreeDigitNumberTX':
../src/main.c:119:13: warning: pointer targets in passing argument 1 of 'sendString' differ in signedness [-Wpointer-sign]
  sendString("\n\r");
             ^~~~~~
../src/main.c:79:6: note: expected 'unsigned char *' but argument is of type 'char *'
 void sendString(unsigned char message []){
      ^~~~~~~~~~
../src/main.c: At top level:
../src/main.c:123:1: warning: return type defaults to 'int' [-Wimplicit-int]
 initTimer(u16 DeviceId, u8 TmrCtrNumber){
 ^~~~~~~~~
../src/main.c:178:1: warning: return type defaults to 'int' [-Wimplicit-int]
 endTimer(u16 DeviceId, u8 TmrCtrNumber){
 ^~~~~~~~
../src/main.c: In function 'main':
../src/main.c:209:77: warning: unused variable 'gpio29' [-Wunused-variable]
     gpio20, gpio21, gpio22, gpio23, gpio24, gpio25, gpio26, gpio27, gpio28, gpio29;
                                                                             ^~~~~~
../src/main.c:209:69: warning: unused variable 'gpio28' [-Wunused-variable]
     gpio20, gpio21, gpio22, gpio23, gpio24, gpio25, gpio26, gpio27, gpio28, gpio29;
                                                                     ^~~~~~
../src/main.c:209:61: warning: unused variable 'gpio27' [-Wunused-variable]
     gpio20, gpio21, gpio22, gpio23, gpio24, gpio25, gpio26, gpio27, gpio28, gpio29;
                                                             ^~~~~~
../src/main.c:209:53: warning: unused variable 'gpio26' [-Wunused-variable]
     gpio20, gpio21, gpio22, gpio23, gpio24, gpio25, gpio26, gpio27, gpio28, gpio29;
                                                     ^~~~~~
../src/main.c:209:45: warning: unused variable 'gpio25' [-Wunused-variable]
     gpio20, gpio21, gpio22, gpio23, gpio24, gpio25, gpio26, gpio27, gpio28, gpio29;
                                             ^~~~~~
../src/main.c:209:37: warning: unused variable 'gpio24' [-Wunused-variable]
     gpio20, gpio21, gpio22, gpio23, gpio24, gpio25, gpio26, gpio27, gpio28, gpio29;
                                     ^~~~~~
../src/main.c:209:29: warning: unused variable 'gpio23' [-Wunused-variable]
     gpio20, gpio21, gpio22, gpio23, gpio24, gpio25, gpio26, gpio27, gpio28, gpio29;
                             ^~~~~~
../src/main.c:209:21: warning: unused variable 'gpio22' [-Wunused-variable]
     gpio20, gpio21, gpio22, gpio23, gpio24, gpio25, gpio26, gpio27, gpio28, gpio29;
                     ^~~~~~
../src/main.c:209:13: warning: unused variable 'gpio21' [-Wunused-variable]
     gpio20, gpio21, gpio22, gpio23, gpio24, gpio25, gpio26, gpio27, gpio28, gpio29;
             ^~~~~~
../src/main.c:209:5: warning: unused variable 'gpio20' [-Wunused-variable]
     gpio20, gpio21, gpio22, gpio23, gpio24, gpio25, gpio26, gpio27, gpio28, gpio29;
     ^~~~~~
../src/main.c:208:78: warning: unused variable 'gpio19' [-Wunused-variable]
      gpio10, gpio11, gpio12, gpio13, gpio14, gpio15, gpio16, gpio17, gpio18, gpio19,
                                                                              ^~~~~~
../src/main.c:208:70: warning: unused variable 'gpio18' [-Wunused-variable]
      gpio10, gpio11, gpio12, gpio13, gpio14, gpio15, gpio16, gpio17, gpio18, gpio19,
                                                                      ^~~~~~
../src/main.c:208:62: warning: unused variable 'gpio17' [-Wunused-variable]
      gpio10, gpio11, gpio12, gpio13, gpio14, gpio15, gpio16, gpio17, gpio18, gpio19,
                                                              ^~~~~~
../src/main.c:208:54: warning: unused variable 'gpio16' [-Wunused-variable]
      gpio10, gpio11, gpio12, gpio13, gpio14, gpio15, gpio16, gpio17, gpio18, gpio19,
                                                      ^~~~~~
../src/main.c:208:46: warning: unused variable 'gpio15' [-Wunused-variable]
      gpio10, gpio11, gpio12, gpio13, gpio14, gpio15, gpio16, gpio17, gpio18, gpio19,
                                              ^~~~~~
../src/main.c:208:38: warning: unused variable 'gpio14' [-Wunused-variable]
      gpio10, gpio11, gpio12, gpio13, gpio14, gpio15, gpio16, gpio17, gpio18, gpio19,
                                      ^~~~~~
../src/main.c:208:30: warning: unused variable 'gpio13' [-Wunused-variable]
      gpio10, gpio11, gpio12, gpio13, gpio14, gpio15, gpio16, gpio17, gpio18, gpio19,
                              ^~~~~~
../src/main.c:208:22: warning: unused variable 'gpio12' [-Wunused-variable]
      gpio10, gpio11, gpio12, gpio13, gpio14, gpio15, gpio16, gpio17, gpio18, gpio19,
                      ^~~~~~
../src/main.c:208:14: warning: unused variable 'gpio11' [-Wunused-variable]
      gpio10, gpio11, gpio12, gpio13, gpio14, gpio15, gpio16, gpio17, gpio18, gpio19,
              ^~~~~~
../src/main.c: In function 'initTimer':
../src/main.c:176:1: warning: control reaches end of non-void function [-Wreturn-type]
 }
 ^
../src/main.c: In function 'endTimer':
../src/main.c:186:1: warning: control reaches end of non-void function [-Wreturn-type]
 }
 ^
'Finished building: ../src/main.c'
' '
'Building target: CalcMicroBlaze.elf'
'Invoking: MicroBlaze gcc linker'
mb-gcc -Wl,-T -Wl,../src/lscript.ld -L../../CalcMicroBlaze_bsp/microblaze_0/lib -mlittle-endian -mcpu=v11.0 -mxl-soft-mul -Wl,--no-relax -Wl,--gc-sections -o "CalcMicroBlaze.elf"  ./src/main.o   -Wl,--start-group,-lxil,-lgcc,-lc,--end-group
'Finished building target: CalcMicroBlaze.elf'
' '
'Invoking: MicroBlaze Print Size'
mb-size CalcMicroBlaze.elf  |tee "CalcMicroBlaze.elf.size"
   text	   data	    bss	    dec	    hex	filename
  13172	   1132	   3168	  17472	   4440	CalcMicroBlaze.elf
'Finished building: CalcMicroBlaze.elf.size'
' '
12:47:55 **** Incremental Build of configuration Debug for project CalcMicroBlaze ****
make all 
make: Nothing to be done for 'all'.
12:48:04 **** Incremental Build of configuration Debug for project CalcMicroBlaze ****
make all 
make: Nothing to be done for 'all'.
12:49:20 **** Auto Build of configuration Debug for project CalcMicroBlaze ****
make all 
'Building file: ../src/main.c'
'Invoking: MicroBlaze gcc compiler'
mb-gcc -Wall -O0 -g3 -c -fmessage-length=0 -MT"src/main.o" -I../../CalcMicroBlaze_bsp/microblaze_0/include -mlittle-endian -mcpu=v11.0 -mxl-soft-mul -Wl,--no-relax -ffunction-sections -fdata-sections -MMD -MP -MF"src/main.d" -MT"src/main.o" -o "src/main.o" "../src/main.c"
../src/main.c: In function 'sendString':
../src/main.c:81:16: warning: array subscript has type 'char' [-Wchar-subscripts]
   while(message[i]!='\0'){
                ^
../src/main.c:82:60: warning: array subscript has type 'char' [-Wchar-subscripts]
    XUartLite_SendByte(XPAR_AXI_UARTLITE_0_BASEADDR, message[i]);
                                                            ^
../src/main.c: In function 'inputThreeDigitNumberTX':
../src/main.c:105:13: warning: pointer targets in passing argument 1 of 'sendString' differ in signedness [-Wpointer-sign]
  sendString("Enter your number\n");
             ^~~~~~~~~~~~~~~~~~~~~
../src/main.c:79:6: note: expected 'unsigned char *' but argument is of type 'char *'
 void sendString(unsigned char message []){
      ^~~~~~~~~~
../src/main.c: In function 'outputThreeDigitNumberTX':
../src/main.c:119:13: warning: pointer targets in passing argument 1 of 'sendString' differ in signedness [-Wpointer-sign]
  sendString("\n\r");
             ^~~~~~
../src/main.c:79:6: note: expected 'unsigned char *' but argument is of type 'char *'
 void sendString(unsigned char message []){
      ^~~~~~~~~~
../src/main.c: At top level:
../src/main.c:123:1: warning: return type defaults to 'int' [-Wimplicit-int]
 initTimer(u16 DeviceId, u8 TmrCtrNumber){
 ^~~~~~~~~
../src/main.c:178:1: warning: return type defaults to 'int' [-Wimplicit-int]
 endTimer(u16 DeviceId, u8 TmrCtrNumber){
 ^~~~~~~~
../src/main.c: In function 'main':
../src/main.c:209:77: warning: unused variable 'gpio29' [-Wunused-variable]
     gpio20, gpio21, gpio22, gpio23, gpio24, gpio25, gpio26, gpio27, gpio28, gpio29;
                                                                             ^~~~~~
../src/main.c:209:69: warning: unused variable 'gpio28' [-Wunused-variable]
     gpio20, gpio21, gpio22, gpio23, gpio24, gpio25, gpio26, gpio27, gpio28, gpio29;
                                                                     ^~~~~~
../src/main.c:209:61: warning: unused variable 'gpio27' [-Wunused-variable]
     gpio20, gpio21, gpio22, gpio23, gpio24, gpio25, gpio26, gpio27, gpio28, gpio29;
                                                             ^~~~~~
../src/main.c:209:53: warning: unused variable 'gpio26' [-Wunused-variable]
     gpio20, gpio21, gpio22, gpio23, gpio24, gpio25, gpio26, gpio27, gpio28, gpio29;
                                                     ^~~~~~
../src/main.c:209:45: warning: unused variable 'gpio25' [-Wunused-variable]
     gpio20, gpio21, gpio22, gpio23, gpio24, gpio25, gpio26, gpio27, gpio28, gpio29;
                                             ^~~~~~
../src/main.c:209:37: warning: unused variable 'gpio24' [-Wunused-variable]
     gpio20, gpio21, gpio22, gpio23, gpio24, gpio25, gpio26, gpio27, gpio28, gpio29;
                                     ^~~~~~
../src/main.c:209:29: warning: unused variable 'gpio23' [-Wunused-variable]
     gpio20, gpio21, gpio22, gpio23, gpio24, gpio25, gpio26, gpio27, gpio28, gpio29;
                             ^~~~~~
../src/main.c:209:21: warning: unused variable 'gpio22' [-Wunused-variable]
     gpio20, gpio21, gpio22, gpio23, gpio24, gpio25, gpio26, gpio27, gpio28, gpio29;
                     ^~~~~~
../src/main.c:209:13: warning: unused variable 'gpio21' [-Wunused-variable]
     gpio20, gpio21, gpio22, gpio23, gpio24, gpio25, gpio26, gpio27, gpio28, gpio29;
             ^~~~~~
../src/main.c:209:5: warning: unused variable 'gpio20' [-Wunused-variable]
     gpio20, gpio21, gpio22, gpio23, gpio24, gpio25, gpio26, gpio27, gpio28, gpio29;
     ^~~~~~
../src/main.c:208:78: warning: unused variable 'gpio19' [-Wunused-variable]
      gpio10, gpio11, gpio12, gpio13, gpio14, gpio15, gpio16, gpio17, gpio18, gpio19,
                                                                              ^~~~~~
../src/main.c:208:70: warning: unused variable 'gpio18' [-Wunused-variable]
      gpio10, gpio11, gpio12, gpio13, gpio14, gpio15, gpio16, gpio17, gpio18, gpio19,
                                                                      ^~~~~~
../src/main.c:208:62: warning: unused variable 'gpio17' [-Wunused-variable]
      gpio10, gpio11, gpio12, gpio13, gpio14, gpio15, gpio16, gpio17, gpio18, gpio19,
                                                              ^~~~~~
../src/main.c:208:54: warning: unused variable 'gpio16' [-Wunused-variable]
      gpio10, gpio11, gpio12, gpio13, gpio14, gpio15, gpio16, gpio17, gpio18, gpio19,
                                                      ^~~~~~
../src/main.c:208:46: warning: unused variable 'gpio15' [-Wunused-variable]
      gpio10, gpio11, gpio12, gpio13, gpio14, gpio15, gpio16, gpio17, gpio18, gpio19,
                                              ^~~~~~
../src/main.c:208:38: warning: unused variable 'gpio14' [-Wunused-variable]
      gpio10, gpio11, gpio12, gpio13, gpio14, gpio15, gpio16, gpio17, gpio18, gpio19,
                                      ^~~~~~
../src/main.c:208:30: warning: unused variable 'gpio13' [-Wunused-variable]
      gpio10, gpio11, gpio12, gpio13, gpio14, gpio15, gpio16, gpio17, gpio18, gpio19,
                              ^~~~~~
../src/main.c:208:22: warning: unused variable 'gpio12' [-Wunused-variable]
      gpio10, gpio11, gpio12, gpio13, gpio14, gpio15, gpio16, gpio17, gpio18, gpio19,
                      ^~~~~~
../src/main.c:208:14: warning: unused variable 'gpio11' [-Wunused-variable]
      gpio10, gpio11, gpio12, gpio13, gpio14, gpio15, gpio16, gpio17, gpio18, gpio19,
              ^~~~~~
../src/main.c: In function 'initTimer':
../src/main.c:176:1: warning: control reaches end of non-void function [-Wreturn-type]
 }
 ^
../src/main.c: In function 'endTimer':
../src/main.c:186:1: warning: control reaches end of non-void function [-Wreturn-type]
 }
 ^
'Finished building: ../src/main.c'
' '
'Building target: CalcMicroBlaze.elf'
'Invoking: MicroBlaze gcc linker'
mb-gcc -Wl,-T -Wl,../src/lscript.ld -L../../CalcMicroBlaze_bsp/microblaze_0/lib -mlittle-endian -mcpu=v11.0 -mxl-soft-mul -Wl,--no-relax -Wl,--gc-sections -o "CalcMicroBlaze.elf"  ./src/main.o   -Wl,--start-group,-lxil,-lgcc,-lc,--end-group
'Finished building target: CalcMicroBlaze.elf'
' '
'Invoking: MicroBlaze Print Size'
mb-size CalcMicroBlaze.elf  |tee "CalcMicroBlaze.elf.size"
   text	   data	    bss	    dec	    hex	filename
  13172	   1132	   3168	  17472	   4440	CalcMicroBlaze.elf
'Finished building: CalcMicroBlaze.elf.size'
' '
12:49:38 **** Incremental Build of configuration Debug for project CalcMicroBlaze ****
make all 
make: Nothing to be done for 'all'.
12:49:44 **** Incremental Build of configuration Debug for project CalcMicroBlaze ****
make all 
make: Nothing to be done for 'all'.
13:01:26 **** Auto Build of configuration Debug for project CalcMicroBlaze ****
make all 
'Building file: ../src/main.c'
'Invoking: MicroBlaze gcc compiler'
mb-gcc -Wall -O0 -g3 -c -fmessage-length=0 -MT"src/main.o" -I../../CalcMicroBlaze_bsp/microblaze_0/include -mlittle-endian -mcpu=v11.0 -mxl-soft-mul -Wl,--no-relax -ffunction-sections -fdata-sections -MMD -MP -MF"src/main.d" -MT"src/main.o" -o "src/main.o" "../src/main.c"
../src/main.c: In function 'sendString':
../src/main.c:81:16: warning: array subscript has type 'char' [-Wchar-subscripts]
   while(message[i]!='\0'){
                ^
../src/main.c:82:60: warning: array subscript has type 'char' [-Wchar-subscripts]
    XUartLite_SendByte(XPAR_AXI_UARTLITE_0_BASEADDR, message[i]);
                                                            ^
../src/main.c: In function 'inputThreeDigitNumberTX':
../src/main.c:105:13: warning: pointer targets in passing argument 1 of 'sendString' differ in signedness [-Wpointer-sign]
  sendString("Enter your number\n");
             ^~~~~~~~~~~~~~~~~~~~~
../src/main.c:79:6: note: expected 'unsigned char *' but argument is of type 'char *'
 void sendString(unsigned char message []){
      ^~~~~~~~~~
../src/main.c: In function 'outputThreeDigitNumberTX':
../src/main.c:119:13: warning: pointer targets in passing argument 1 of 'sendString' differ in signedness [-Wpointer-sign]
  sendString("\n\r");
             ^~~~~~
../src/main.c:79:6: note: expected 'unsigned char *' but argument is of type 'char *'
 void sendString(unsigned char message []){
      ^~~~~~~~~~
../src/main.c: At top level:
../src/main.c:123:1: warning: return type defaults to 'int' [-Wimplicit-int]
 initTimer(u16 DeviceId, u8 TmrCtrNumber){
 ^~~~~~~~~
../src/main.c:178:1: warning: return type defaults to 'int' [-Wimplicit-int]
 endTimer(u16 DeviceId, u8 TmrCtrNumber){
 ^~~~~~~~
../src/main.c: In function 'main':
../src/main.c:209:77: warning: unused variable 'gpio29' [-Wunused-variable]
     gpio20, gpio21, gpio22, gpio23, gpio24, gpio25, gpio26, gpio27, gpio28, gpio29;
                                                                             ^~~~~~
../src/main.c:209:69: warning: unused variable 'gpio28' [-Wunused-variable]
     gpio20, gpio21, gpio22, gpio23, gpio24, gpio25, gpio26, gpio27, gpio28, gpio29;
                                                                     ^~~~~~
../src/main.c:209:61: warning: unused variable 'gpio27' [-Wunused-variable]
     gpio20, gpio21, gpio22, gpio23, gpio24, gpio25, gpio26, gpio27, gpio28, gpio29;
                                                             ^~~~~~
../src/main.c:209:53: warning: unused variable 'gpio26' [-Wunused-variable]
     gpio20, gpio21, gpio22, gpio23, gpio24, gpio25, gpio26, gpio27, gpio28, gpio29;
                                                     ^~~~~~
../src/main.c:209:45: warning: unused variable 'gpio25' [-Wunused-variable]
     gpio20, gpio21, gpio22, gpio23, gpio24, gpio25, gpio26, gpio27, gpio28, gpio29;
                                             ^~~~~~
../src/main.c:209:37: warning: unused variable 'gpio24' [-Wunused-variable]
     gpio20, gpio21, gpio22, gpio23, gpio24, gpio25, gpio26, gpio27, gpio28, gpio29;
                                     ^~~~~~
../src/main.c:209:29: warning: unused variable 'gpio23' [-Wunused-variable]
     gpio20, gpio21, gpio22, gpio23, gpio24, gpio25, gpio26, gpio27, gpio28, gpio29;
                             ^~~~~~
../src/main.c:209:21: warning: unused variable 'gpio22' [-Wunused-variable]
     gpio20, gpio21, gpio22, gpio23, gpio24, gpio25, gpio26, gpio27, gpio28, gpio29;
                     ^~~~~~
../src/main.c:209:13: warning: unused variable 'gpio21' [-Wunused-variable]
     gpio20, gpio21, gpio22, gpio23, gpio24, gpio25, gpio26, gpio27, gpio28, gpio29;
             ^~~~~~
../src/main.c:209:5: warning: unused variable 'gpio20' [-Wunused-variable]
     gpio20, gpio21, gpio22, gpio23, gpio24, gpio25, gpio26, gpio27, gpio28, gpio29;
     ^~~~~~
../src/main.c:208:78: warning: unused variable 'gpio19' [-Wunused-variable]
      gpio10, gpio11, gpio12, gpio13, gpio14, gpio15, gpio16, gpio17, gpio18, gpio19,
                                                                              ^~~~~~
../src/main.c:208:70: warning: unused variable 'gpio18' [-Wunused-variable]
      gpio10, gpio11, gpio12, gpio13, gpio14, gpio15, gpio16, gpio17, gpio18, gpio19,
                                                                      ^~~~~~
../src/main.c:208:62: warning: unused variable 'gpio17' [-Wunused-variable]
      gpio10, gpio11, gpio12, gpio13, gpio14, gpio15, gpio16, gpio17, gpio18, gpio19,
                                                              ^~~~~~
../src/main.c:208:54: warning: unused variable 'gpio16' [-Wunused-variable]
      gpio10, gpio11, gpio12, gpio13, gpio14, gpio15, gpio16, gpio17, gpio18, gpio19,
                                                      ^~~~~~
../src/main.c:208:46: warning: unused variable 'gpio15' [-Wunused-variable]
      gpio10, gpio11, gpio12, gpio13, gpio14, gpio15, gpio16, gpio17, gpio18, gpio19,
                                              ^~~~~~
../src/main.c:208:38: warning: unused variable 'gpio14' [-Wunused-variable]
      gpio10, gpio11, gpio12, gpio13, gpio14, gpio15, gpio16, gpio17, gpio18, gpio19,
                                      ^~~~~~
../src/main.c:208:30: warning: unused variable 'gpio13' [-Wunused-variable]
      gpio10, gpio11, gpio12, gpio13, gpio14, gpio15, gpio16, gpio17, gpio18, gpio19,
                              ^~~~~~
../src/main.c:208:22: warning: unused variable 'gpio12' [-Wunused-variable]
      gpio10, gpio11, gpio12, gpio13, gpio14, gpio15, gpio16, gpio17, gpio18, gpio19,
                      ^~~~~~
../src/main.c:208:14: warning: unused variable 'gpio11' [-Wunused-variable]
      gpio10, gpio11, gpio12, gpio13, gpio14, gpio15, gpio16, gpio17, gpio18, gpio19,
              ^~~~~~
../src/main.c: In function 'initTimer':
../src/main.c:176:1: warning: control reaches end of non-void function [-Wreturn-type]
 }
 ^
../src/main.c: In function 'endTimer':
../src/main.c:186:1: warning: control reaches end of non-void function [-Wreturn-type]
 }
 ^
'Finished building: ../src/main.c'
' '
'Building target: CalcMicroBlaze.elf'
'Invoking: MicroBlaze gcc linker'
mb-gcc -Wl,-T -Wl,../src/lscript.ld -L../../CalcMicroBlaze_bsp/microblaze_0/lib -mlittle-endian -mcpu=v11.0 -mxl-soft-mul -Wl,--no-relax -Wl,--gc-sections -o "CalcMicroBlaze.elf"  ./src/main.o   -Wl,--start-group,-lxil,-lgcc,-lc,--end-group
'Finished building target: CalcMicroBlaze.elf'
' '
'Invoking: MicroBlaze Print Size'
mb-size CalcMicroBlaze.elf  |tee "CalcMicroBlaze.elf.size"
   text	   data	    bss	    dec	    hex	filename
  13172	   1132	   3168	  17472	   4440	CalcMicroBlaze.elf
'Finished building: CalcMicroBlaze.elf.size'
' '
13:01:28 **** Incremental Build of configuration Debug for project CalcMicroBlaze ****
make all 
make: Nothing to be done for 'all'.
13:01:37 **** Incremental Build of configuration Debug for project CalcMicroBlaze ****
make all 
make: Nothing to be done for 'all'.
13:02:57 **** Auto Build of configuration Debug for project CalcMicroBlaze ****
make all 
'Building file: ../src/main.c'
'Invoking: MicroBlaze gcc compiler'
mb-gcc -Wall -O0 -g3 -c -fmessage-length=0 -MT"src/main.o" -I../../CalcMicroBlaze_bsp/microblaze_0/include -mlittle-endian -mcpu=v11.0 -mxl-soft-mul -Wl,--no-relax -ffunction-sections -fdata-sections -MMD -MP -MF"src/main.d" -MT"src/main.o" -o "src/main.o" "../src/main.c"
../src/main.c: In function 'sendString':
../src/main.c:81:16: warning: array subscript has type 'char' [-Wchar-subscripts]
   while(message[i]!='\0'){
                ^
../src/main.c:82:60: warning: array subscript has type 'char' [-Wchar-subscripts]
    XUartLite_SendByte(XPAR_AXI_UARTLITE_0_BASEADDR, message[i]);
                                                            ^
../src/main.c: In function 'inputThreeDigitNumberTX':
../src/main.c:105:13: warning: pointer targets in passing argument 1 of 'sendString' differ in signedness [-Wpointer-sign]
  sendString("Enter your number\n");
             ^~~~~~~~~~~~~~~~~~~~~
../src/main.c:79:6: note: expected 'unsigned char *' but argument is of type 'char *'
 void sendString(unsigned char message []){
      ^~~~~~~~~~
../src/main.c: In function 'outputThreeDigitNumberTX':
../src/main.c:119:13: warning: pointer targets in passing argument 1 of 'sendString' differ in signedness [-Wpointer-sign]
  sendString("\n\r");
             ^~~~~~
../src/main.c:79:6: note: expected 'unsigned char *' but argument is of type 'char *'
 void sendString(unsigned char message []){
      ^~~~~~~~~~
../src/main.c: At top level:
../src/main.c:123:1: warning: return type defaults to 'int' [-Wimplicit-int]
 initTimer(u16 DeviceId, u8 TmrCtrNumber){
 ^~~~~~~~~
../src/main.c:178:1: warning: return type defaults to 'int' [-Wimplicit-int]
 endTimer(u16 DeviceId, u8 TmrCtrNumber){
 ^~~~~~~~
../src/main.c: In function 'main':
../src/main.c:209:77: warning: unused variable 'gpio29' [-Wunused-variable]
     gpio20, gpio21, gpio22, gpio23, gpio24, gpio25, gpio26, gpio27, gpio28, gpio29;
                                                                             ^~~~~~
../src/main.c:209:69: warning: unused variable 'gpio28' [-Wunused-variable]
     gpio20, gpio21, gpio22, gpio23, gpio24, gpio25, gpio26, gpio27, gpio28, gpio29;
                                                                     ^~~~~~
../src/main.c:209:61: warning: unused variable 'gpio27' [-Wunused-variable]
     gpio20, gpio21, gpio22, gpio23, gpio24, gpio25, gpio26, gpio27, gpio28, gpio29;
                                                             ^~~~~~
../src/main.c:209:53: warning: unused variable 'gpio26' [-Wunused-variable]
     gpio20, gpio21, gpio22, gpio23, gpio24, gpio25, gpio26, gpio27, gpio28, gpio29;
                                                     ^~~~~~
../src/main.c:209:45: warning: unused variable 'gpio25' [-Wunused-variable]
     gpio20, gpio21, gpio22, gpio23, gpio24, gpio25, gpio26, gpio27, gpio28, gpio29;
                                             ^~~~~~
../src/main.c:209:37: warning: unused variable 'gpio24' [-Wunused-variable]
     gpio20, gpio21, gpio22, gpio23, gpio24, gpio25, gpio26, gpio27, gpio28, gpio29;
                                     ^~~~~~
../src/main.c:209:29: warning: unused variable 'gpio23' [-Wunused-variable]
     gpio20, gpio21, gpio22, gpio23, gpio24, gpio25, gpio26, gpio27, gpio28, gpio29;
                             ^~~~~~
../src/main.c:209:21: warning: unused variable 'gpio22' [-Wunused-variable]
     gpio20, gpio21, gpio22, gpio23, gpio24, gpio25, gpio26, gpio27, gpio28, gpio29;
                     ^~~~~~
../src/main.c:209:13: warning: unused variable 'gpio21' [-Wunused-variable]
     gpio20, gpio21, gpio22, gpio23, gpio24, gpio25, gpio26, gpio27, gpio28, gpio29;
             ^~~~~~
../src/main.c:209:5: warning: unused variable 'gpio20' [-Wunused-variable]
     gpio20, gpio21, gpio22, gpio23, gpio24, gpio25, gpio26, gpio27, gpio28, gpio29;
     ^~~~~~
../src/main.c:208:78: warning: unused variable 'gpio19' [-Wunused-variable]
      gpio10, gpio11, gpio12, gpio13, gpio14, gpio15, gpio16, gpio17, gpio18, gpio19,
                                                                              ^~~~~~
../src/main.c:208:70: warning: unused variable 'gpio18' [-Wunused-variable]
      gpio10, gpio11, gpio12, gpio13, gpio14, gpio15, gpio16, gpio17, gpio18, gpio19,
                                                                      ^~~~~~
../src/main.c:208:62: warning: unused variable 'gpio17' [-Wunused-variable]
      gpio10, gpio11, gpio12, gpio13, gpio14, gpio15, gpio16, gpio17, gpio18, gpio19,
                                                              ^~~~~~
../src/main.c:208:54: warning: unused variable 'gpio16' [-Wunused-variable]
      gpio10, gpio11, gpio12, gpio13, gpio14, gpio15, gpio16, gpio17, gpio18, gpio19,
                                                      ^~~~~~
../src/main.c:208:46: warning: unused variable 'gpio15' [-Wunused-variable]
      gpio10, gpio11, gpio12, gpio13, gpio14, gpio15, gpio16, gpio17, gpio18, gpio19,
                                              ^~~~~~
../src/main.c:208:38: warning: unused variable 'gpio14' [-Wunused-variable]
      gpio10, gpio11, gpio12, gpio13, gpio14, gpio15, gpio16, gpio17, gpio18, gpio19,
                                      ^~~~~~
../src/main.c:208:30: warning: unused variable 'gpio13' [-Wunused-variable]
      gpio10, gpio11, gpio12, gpio13, gpio14, gpio15, gpio16, gpio17, gpio18, gpio19,
                              ^~~~~~
../src/main.c:208:22: warning: unused variable 'gpio12' [-Wunused-variable]
      gpio10, gpio11, gpio12, gpio13, gpio14, gpio15, gpio16, gpio17, gpio18, gpio19,
                      ^~~~~~
../src/main.c:208:14: warning: unused variable 'gpio11' [-Wunused-variable]
      gpio10, gpio11, gpio12, gpio13, gpio14, gpio15, gpio16, gpio17, gpio18, gpio19,
              ^~~~~~
../src/main.c: In function 'initTimer':
../src/main.c:176:1: warning: control reaches end of non-void function [-Wreturn-type]
 }
 ^
../src/main.c: In function 'endTimer':
../src/main.c:186:1: warning: control reaches end of non-void function [-Wreturn-type]
 }
 ^
'Finished building: ../src/main.c'
' '
'Building target: CalcMicroBlaze.elf'
'Invoking: MicroBlaze gcc linker'
mb-gcc -Wl,-T -Wl,../src/lscript.ld -L../../CalcMicroBlaze_bsp/microblaze_0/lib -mlittle-endian -mcpu=v11.0 -mxl-soft-mul -Wl,--no-relax -Wl,--gc-sections -o "CalcMicroBlaze.elf"  ./src/main.o   -Wl,--start-group,-lxil,-lgcc,-lc,--end-group
'Finished building target: CalcMicroBlaze.elf'
' '
'Invoking: MicroBlaze Print Size'
mb-size CalcMicroBlaze.elf  |tee "CalcMicroBlaze.elf.size"
   text	   data	    bss	    dec	    hex	filename
  13148	   1132	   3168	  17448	   4428	CalcMicroBlaze.elf
'Finished building: CalcMicroBlaze.elf.size'
' '
13:03:23 **** Incremental Build of configuration Debug for project CalcMicroBlaze ****
make all 
make: Nothing to be done for 'all'.
13:04:16 **** Incremental Build of configuration Debug for project CalcMicroBlaze ****
make all 
make: Nothing to be done for 'all'.
13:04:54 **** Incremental Build of configuration Debug for project CalcMicroBlaze ****
make all 
make: Nothing to be done for 'all'.
13:05:02 **** Incremental Build of configuration Debug for project CalcMicroBlaze ****
make all 
make: Nothing to be done for 'all'.
13:07:13 **** Auto Build of configuration Debug for project CalcMicroBlaze ****
make all 
'Building file: ../src/main.c'
'Invoking: MicroBlaze gcc compiler'
mb-gcc -Wall -O0 -g3 -c -fmessage-length=0 -MT"src/main.o" -I../../CalcMicroBlaze_bsp/microblaze_0/include -mlittle-endian -mcpu=v11.0 -mxl-soft-mul -Wl,--no-relax -ffunction-sections -fdata-sections -MMD -MP -MF"src/main.d" -MT"src/main.o" -o "src/main.o" "../src/main.c"
../src/main.c: In function 'sendString':
../src/main.c:81:16: warning: array subscript has type 'char' [-Wchar-subscripts]
   while(message[i]!='\0'){
                ^
../src/main.c:82:60: warning: array subscript has type 'char' [-Wchar-subscripts]
    XUartLite_SendByte(XPAR_AXI_UARTLITE_0_BASEADDR, message[i]);
                                                            ^
../src/main.c: In function 'inputThreeDigitNumberTX':
../src/main.c:105:13: warning: pointer targets in passing argument 1 of 'sendString' differ in signedness [-Wpointer-sign]
  sendString("Enter your number\n");
             ^~~~~~~~~~~~~~~~~~~~~
../src/main.c:79:6: note: expected 'unsigned char *' but argument is of type 'char *'
 void sendString(unsigned char message []){
      ^~~~~~~~~~
../src/main.c: In function 'outputThreeDigitNumberTX':
../src/main.c:119:13: warning: pointer targets in passing argument 1 of 'sendString' differ in signedness [-Wpointer-sign]
  sendString("\n\r");
             ^~~~~~
../src/main.c:79:6: note: expected 'unsigned char *' but argument is of type 'char *'
 void sendString(unsigned char message []){
      ^~~~~~~~~~
../src/main.c: At top level:
../src/main.c:123:1: warning: return type defaults to 'int' [-Wimplicit-int]
 initTimer(u16 DeviceId, u8 TmrCtrNumber){
 ^~~~~~~~~
../src/main.c:178:1: warning: return type defaults to 'int' [-Wimplicit-int]
 endTimer(u16 DeviceId, u8 TmrCtrNumber){
 ^~~~~~~~
../src/main.c: In function 'main':
../src/main.c:209:77: warning: unused variable 'gpio29' [-Wunused-variable]
     gpio20, gpio21, gpio22, gpio23, gpio24, gpio25, gpio26, gpio27, gpio28, gpio29;
                                                                             ^~~~~~
../src/main.c:209:69: warning: unused variable 'gpio28' [-Wunused-variable]
     gpio20, gpio21, gpio22, gpio23, gpio24, gpio25, gpio26, gpio27, gpio28, gpio29;
                                                                     ^~~~~~
../src/main.c:209:61: warning: unused variable 'gpio27' [-Wunused-variable]
     gpio20, gpio21, gpio22, gpio23, gpio24, gpio25, gpio26, gpio27, gpio28, gpio29;
                                                             ^~~~~~
../src/main.c:209:53: warning: unused variable 'gpio26' [-Wunused-variable]
     gpio20, gpio21, gpio22, gpio23, gpio24, gpio25, gpio26, gpio27, gpio28, gpio29;
                                                     ^~~~~~
../src/main.c:209:45: warning: unused variable 'gpio25' [-Wunused-variable]
     gpio20, gpio21, gpio22, gpio23, gpio24, gpio25, gpio26, gpio27, gpio28, gpio29;
                                             ^~~~~~
../src/main.c:209:37: warning: unused variable 'gpio24' [-Wunused-variable]
     gpio20, gpio21, gpio22, gpio23, gpio24, gpio25, gpio26, gpio27, gpio28, gpio29;
                                     ^~~~~~
../src/main.c:209:29: warning: unused variable 'gpio23' [-Wunused-variable]
     gpio20, gpio21, gpio22, gpio23, gpio24, gpio25, gpio26, gpio27, gpio28, gpio29;
                             ^~~~~~
../src/main.c:209:21: warning: unused variable 'gpio22' [-Wunused-variable]
     gpio20, gpio21, gpio22, gpio23, gpio24, gpio25, gpio26, gpio27, gpio28, gpio29;
                     ^~~~~~
../src/main.c:209:13: warning: unused variable 'gpio21' [-Wunused-variable]
     gpio20, gpio21, gpio22, gpio23, gpio24, gpio25, gpio26, gpio27, gpio28, gpio29;
             ^~~~~~
../src/main.c:209:5: warning: unused variable 'gpio20' [-Wunused-variable]
     gpio20, gpio21, gpio22, gpio23, gpio24, gpio25, gpio26, gpio27, gpio28, gpio29;
     ^~~~~~
../src/main.c:208:78: warning: unused variable 'gpio19' [-Wunused-variable]
      gpio10, gpio11, gpio12, gpio13, gpio14, gpio15, gpio16, gpio17, gpio18, gpio19,
                                                                              ^~~~~~
../src/main.c:208:70: warning: unused variable 'gpio18' [-Wunused-variable]
      gpio10, gpio11, gpio12, gpio13, gpio14, gpio15, gpio16, gpio17, gpio18, gpio19,
                                                                      ^~~~~~
../src/main.c:208:62: warning: unused variable 'gpio17' [-Wunused-variable]
      gpio10, gpio11, gpio12, gpio13, gpio14, gpio15, gpio16, gpio17, gpio18, gpio19,
                                                              ^~~~~~
../src/main.c:208:54: warning: unused variable 'gpio16' [-Wunused-variable]
      gpio10, gpio11, gpio12, gpio13, gpio14, gpio15, gpio16, gpio17, gpio18, gpio19,
                                                      ^~~~~~
../src/main.c:208:46: warning: unused variable 'gpio15' [-Wunused-variable]
      gpio10, gpio11, gpio12, gpio13, gpio14, gpio15, gpio16, gpio17, gpio18, gpio19,
                                              ^~~~~~
../src/main.c:208:38: warning: unused variable 'gpio14' [-Wunused-variable]
      gpio10, gpio11, gpio12, gpio13, gpio14, gpio15, gpio16, gpio17, gpio18, gpio19,
                                      ^~~~~~
../src/main.c:208:30: warning: unused variable 'gpio13' [-Wunused-variable]
      gpio10, gpio11, gpio12, gpio13, gpio14, gpio15, gpio16, gpio17, gpio18, gpio19,
                              ^~~~~~
../src/main.c:208:22: warning: unused variable 'gpio12' [-Wunused-variable]
      gpio10, gpio11, gpio12, gpio13, gpio14, gpio15, gpio16, gpio17, gpio18, gpio19,
                      ^~~~~~
../src/main.c:208:14: warning: unused variable 'gpio11' [-Wunused-variable]
      gpio10, gpio11, gpio12, gpio13, gpio14, gpio15, gpio16, gpio17, gpio18, gpio19,
              ^~~~~~
../src/main.c: In function 'initTimer':
../src/main.c:176:1: warning: control reaches end of non-void function [-Wreturn-type]
 }
 ^
../src/main.c: In function 'endTimer':
../src/main.c:186:1: warning: control reaches end of non-void function [-Wreturn-type]
 }
 ^
'Finished building: ../src/main.c'
' '
'Building target: CalcMicroBlaze.elf'
'Invoking: MicroBlaze gcc linker'
mb-gcc -Wl,-T -Wl,../src/lscript.ld -L../../CalcMicroBlaze_bsp/microblaze_0/lib -mlittle-endian -mcpu=v11.0 -mxl-soft-mul -Wl,--no-relax -Wl,--gc-sections -o "CalcMicroBlaze.elf"  ./src/main.o   -Wl,--start-group,-lxil,-lgcc,-lc,--end-group
'Finished building target: CalcMicroBlaze.elf'
' '
'Invoking: MicroBlaze Print Size'
mb-size CalcMicroBlaze.elf  |tee "CalcMicroBlaze.elf.size"
   text	   data	    bss	    dec	    hex	filename
  13172	   1132	   3168	  17472	   4440	CalcMicroBlaze.elf
'Finished building: CalcMicroBlaze.elf.size'
' '
13:07:27 **** Incremental Build of configuration Debug for project CalcMicroBlaze ****
make all 
make: Nothing to be done for 'all'.
