#-----------------------------------------------------------
# Vivado v2019.1 (64-bit)
# SW Build 2552052 on Fri May 24 14:49:42 MDT 2019
# IP Build 2548770 on Fri May 24 18:01:18 MDT 2019
# Start of session at: Thu May 13 11:36:15 2021
# Process ID: 4952
# Current directory: C:/Users/OAkun/Desktop/CECS460Micro/ALUMicroBlazeTimer/DetMicroBlazeLec.runs/DeterminantMicroBlaze_tier2_xbar_2_0_synth_1
# Command line: vivado.exe -log DeterminantMicroBlaze_tier2_xbar_2_0.vds -product Vivado -mode batch -messageDb vivado.pb -notrace -source DeterminantMicroBlaze_tier2_xbar_2_0.tcl
# Log file: C:/Users/OAkun/Desktop/CECS460Micro/ALUMicroBlazeTimer/DetMicroBlazeLec.runs/DeterminantMicroBlaze_tier2_xbar_2_0_synth_1/DeterminantMicroBlaze_tier2_xbar_2_0.vds
# Journal file: C:/Users/OAkun/Desktop/CECS460Micro/ALUMicroBlazeTimer/DetMicroBlazeLec.runs/DeterminantMicroBlaze_tier2_xbar_2_0_synth_1\vivado.jou
#-----------------------------------------------------------
source DeterminantMicroBlaze_tier2_xbar_2_0.tcl -notrace
